
Allocating common symbols
Common symbol       size              file

kbd_buf             0x6c              build/keyboard.o
root_dir            0x208             build/dir.o
thread_ready_list   0x10              build/thread.o
thread_all_list     0x10              build/thread.o
user_pool           0x2c              build/memory.o
channel_cnt         0x1               build/ide.o
cur_part            0x4               build/fs.o
k_block_descs       0xa8              build/memory.o
idle_thread         0x4               build/thread.o
intr_name           0x204             build/interrupt.o
main_thread         0x4               build/thread.o
channels            0xcc0             build/ide.o
ticks               0x4               build/timer.o
kernel_vaddr        0xc               build/memory.o
syscall_table       0x80              build/syscall-init.o
idt_table           0x204             build/interrupt.o
file_table          0x180             build/file.o
partition_list      0x10              build/ide.o
kernel_pool         0x2c              build/memory.o
pid_lock            0x1c              build/thread.o

Discarded input sections

 .note.GNU-stack
                0x0000000000000000        0x0 build/main.o
 .note.GNU-stack
                0x0000000000000000        0x0 build/init.o
 .note.GNU-stack
                0x0000000000000000        0x0 build/interrupt.o
 .note.GNU-stack
                0x0000000000000000        0x0 build/timer.o
 .note.GNU-stack
                0x0000000000000000        0x0 build/debug.o
 .note.GNU-stack
                0x0000000000000000        0x0 build/memory.o
 .note.GNU-stack
                0x0000000000000000        0x0 build/bitmap.o
 .note.GNU-stack
                0x0000000000000000        0x0 build/string.o
 .note.GNU-stack
                0x0000000000000000        0x0 build/thread.o
 .note.GNU-stack
                0x0000000000000000        0x0 build/list.o
 .note.GNU-stack
                0x0000000000000000        0x0 build/console.o
 .note.GNU-stack
                0x0000000000000000        0x0 build/sync.o
 .note.GNU-stack
                0x0000000000000000        0x0 build/keyboard.o
 .note.GNU-stack
                0x0000000000000000        0x0 build/ioqueue.o
 .note.GNU-stack
                0x0000000000000000        0x0 build/tss.o
 .note.GNU-stack
                0x0000000000000000        0x0 build/process.o
 .note.GNU-stack
                0x0000000000000000        0x0 build/syscall.o
 .note.GNU-stack
                0x0000000000000000        0x0 build/syscall-init.o
 .note.GNU-stack
                0x0000000000000000        0x0 build/stdio.o
 .note.GNU-stack
                0x0000000000000000        0x0 build/ide.o
 .note.GNU-stack
                0x0000000000000000        0x0 build/stdio-kernel.o
 .note.GNU-stack
                0x0000000000000000        0x0 build/fs.o
 .note.GNU-stack
                0x0000000000000000        0x0 build/inode.o
 .note.GNU-stack
                0x0000000000000000        0x0 build/file.o
 .note.GNU-stack
                0x0000000000000000        0x0 build/dir.o

Memory Configuration

Name             Origin             Length             Attributes
*default*        0x0000000000000000 0xffffffffffffffff

Linker script and memory map

Address of section .text set to 0xc0001500
LOAD build/main.o
LOAD build/init.o
LOAD build/interrupt.o
LOAD build/timer.o
LOAD build/kernel.o
LOAD build/print.o
LOAD build/debug.o
LOAD build/memory.o
LOAD build/bitmap.o
LOAD build/string.o
LOAD build/thread.o
LOAD build/list.o
LOAD build/switch.o
LOAD build/console.o
LOAD build/sync.o
LOAD build/keyboard.o
LOAD build/ioqueue.o
LOAD build/tss.o
LOAD build/process.o
LOAD build/syscall.o
LOAD build/syscall-init.o
LOAD build/stdio.o
LOAD build/ide.o
LOAD build/stdio-kernel.o
LOAD build/fs.o
LOAD build/inode.o
LOAD build/file.o
LOAD build/dir.o
                [!provide]                        PROVIDE (__executable_start, 0x8048000)
                0x0000000008048094                . = (0x8048000 + SIZEOF_HEADERS)

.interp
 *(.interp)

.note.gnu.build-id
 *(.note.gnu.build-id)

.hash
 *(.hash)

.gnu.hash
 *(.gnu.hash)

.dynsym
 *(.dynsym)

.dynstr
 *(.dynstr)

.gnu.version
 *(.gnu.version)

.gnu.version_d
 *(.gnu.version_d)

.gnu.version_r
 *(.gnu.version_r)

.rel.dyn        0x0000000008048094        0x0
 *(.rel.init)
 *(.rel.text .rel.text.* .rel.gnu.linkonce.t.*)
 .rel.text      0x0000000008048094        0x0 build/main.o
 *(.rel.fini)
 *(.rel.rodata .rel.rodata.* .rel.gnu.linkonce.r.*)
 *(.rel.data.rel.ro .rel.data.rel.ro.* .rel.gnu.linkonce.d.rel.ro.*)
 *(.rel.data .rel.data.* .rel.gnu.linkonce.d.*)
 *(.rel.tdata .rel.tdata.* .rel.gnu.linkonce.td.*)
 *(.rel.tbss .rel.tbss.* .rel.gnu.linkonce.tb.*)
 *(.rel.ctors)
 *(.rel.dtors)
 *(.rel.got)
 *(.rel.bss .rel.bss.* .rel.gnu.linkonce.b.*)
 *(.rel.ifunc)

.rel.plt        0x0000000008048094        0x0
 *(.rel.plt)
                [!provide]                        PROVIDE (__rel_iplt_start, .)
 *(.rel.iplt)
 .rel.iplt      0x0000000008048094        0x0 build/main.o
                [!provide]                        PROVIDE (__rel_iplt_end, .)

.init
 *(SORT(.init))

.plt            0x00000000080480a0        0x0
 *(.plt)
 *(.iplt)
 .iplt          0x00000000080480a0        0x0 build/main.o

.plt.got
 *(.plt.got)

.text           0x00000000c0001500     0x9a89
 *(.text.unlikely .text.*_unlikely .text.unlikely.*)
 *(.text.exit .text.exit.*)
 *(.text.startup .text.startup.*)
 *(.text.hot .text.hot.*)
 *(.text .stub .text.* .gnu.linkonce.t.*)
 .text          0x00000000c0001500       0x30 build/main.o
                0x00000000c0001500                main
 .text          0x00000000c0001530       0x4b build/init.o
                0x00000000c0001530                init_all
 .text          0x00000000c000157b      0x480 build/interrupt.o
                0x00000000c00018e9                intr_enable
                0x00000000c0001912                intr_disable
                0x00000000c000193b                intr_set_status
                0x00000000c0001959                intr_get_status
                0x00000000c000197d                register_handler
                0x00000000c0001999                idt_init
 .text          0x00000000c00019fb      0x212 build/timer.o
                0x00000000c0001b31                timer_init
                0x00000000c0001bb5                mtime_sleep
 *fill*         0x00000000c0001c0d        0x3 
 .text          0x00000000c0001c10      0x55b build/kernel.o
                0x00000000c0001c10                intr_exit
                0x00000000c0002147                syscall_handler
 *fill*         0x00000000c000216b        0x5 
 .text          0x00000000c0002170      0x172 build/print.o
                0x00000000c0002170                put_str
                0x00000000c000218e                put_char
                0x00000000c000225b                put_int
                0x00000000c00022be                set_cursor
 .text          0x00000000c00022e2       0xa5 build/debug.o
                0x00000000c00022e2                panic_spin
 .text          0x00000000c0002387     0x113c build/memory.o
                0x00000000c00024b7                pte_ptr
                0x00000000c00024e7                pde_ptr
                0x00000000c0002687                malloc_page
                0x00000000c0002751                get_kernel_pages
                0x00000000c00027ad                get_user_pages
                0x00000000c0002809                get_a_page
                0x00000000c000298f                addr_v2p
                0x00000000c00029e2                sys_malloc
                0x00000000c0002d11                pfree
                0x00000000c0002e54                mfree_page
                0x00000000c0003031                sys_free
                0x00000000c00033f4                block_desc_init
                0x00000000c0003482                mem_init
 .text          0x00000000c00034c3      0x266 build/bitmap.o
                0x00000000c00034c3                bitmap_init
                0x00000000c00034ea                bitmap_scan_test
                0x00000000c000352a                bitmap_scan
                0x00000000c000366e                bitmap_set
 .text          0x00000000c0003729      0x449 build/string.o
                0x00000000c0003729                memset
                0x00000000c0003785                memcpy
                0x00000000c00037f1                memcmp
                0x00000000c0003881                strcpy
                0x00000000c00038e3                strlen
                0x00000000c0003939                strcmp
                0x00000000c00039c0                strchr
                0x00000000c0003a25                strrchr
                0x00000000c0003a8e                strcat
                0x00000000c0003b05                strchrs
 .text          0x00000000c0003b72      0x720 build/thread.o
                0x00000000c0003b88                running_thread
                0x00000000c0003bea                thread_create
                0x00000000c0003c60                init_thread
                0x00000000c0003d5d                thread_start
                0x00000000c0003ed8                schedule
                0x00000000c0004028                thread_block
                0x00000000c000408f                thread_unblock
                0x00000000c000419a                thread_yield
                0x00000000c0004220                thread_init
 .text          0x00000000c0004292      0x1e3 build/list.o
                0x00000000c0004292                list_init
                0x00000000c00042bf                list_insert_before
                0x00000000c0004300                list_push
                0x00000000c000431d                list_append
                0x00000000c000433a                list_remove
                0x00000000c0004370                list_pop
                0x00000000c000438f                elem_find
                0x00000000c00043ca                list_traversal
                0x00000000c0004427                list_len
                0x00000000c000445c                list_empty
 *fill*         0x00000000c0004475        0xb 
 .text          0x00000000c0004480       0x15 build/switch.o
                0x00000000c0004480                switch_to
 .text          0x00000000c0004495       0x9a build/console.o
                0x00000000c0004495                console_init
                0x00000000c00044a9                console_acquire
                0x00000000c00044bd                console_release
                0x00000000c00044d1                console_put_str
                0x00000000c00044ee                console_put_char
                0x00000000c0004512                console_put_int
 .text          0x00000000c000452f      0x347 build/sync.o
                0x00000000c000452f                sema_init
                0x00000000c0004554                lock_init
                0x00000000c0004585                sema_down
                0x00000000c0004699                sema_up
                0x00000000c000474f                lock_acquire
                0x00000000c00047cb                lock_release
 .text          0x00000000c0004876      0x2ec build/keyboard.o
                0x00000000c0004b22                keyboard_init
 .text          0x00000000c0004b62      0x2f1 build/ioqueue.o
                0x00000000c0004b62                ioqueue_init
                0x00000000c0004bbf                ioq_full
                0x00000000c0004cf5                ioq_getchar
                0x00000000c0004da3                ioq_putchar
 .text          0x00000000c0004e53      0x1a9 build/tss.o
                0x00000000c0004e53                update_tss_esp
                0x00000000c0004ece                tss_init
 .text          0x00000000c0004ffc      0x367 build/process.o
                0x00000000c0004ffc                start_process
                0x00000000c0005102                page_dir_activate
                0x00000000c0005132                process_activate
                0x00000000c0005184                create_page_dir
                0x00000000c00051f5                create_user_vaddr_bitmap
                0x00000000c0005239                process_execute
 .text          0x00000000c0005363       0x73 build/syscall.o
                0x00000000c0005363                getpid
                0x00000000c0005378                write
                0x00000000c000539b                malloc
                0x00000000c00053ba                free
 .text          0x00000000c00053d6       0x5a build/syscall-init.o
                0x00000000c00053d6                sys_getpid
                0x00000000c00053e8                syscall_init
 .text          0x00000000c0005430      0x2ba build/stdio.o
                0x00000000c00054b6                vsprintf
                0x00000000c000563a                sprintf
                0x00000000c000566e                printf
 .text          0x00000000c00056ea      0xe01 build/ide.o
                0x00000000c0005a04                ide_read
                0x00000000c0005b96                ide_write
                0x00000000c000622c                intr_hd_handler
                0x00000000c00062ed                ide_init
 .text          0x00000000c00064eb       0x62 build/stdio-kernel.o
                0x00000000c00064eb                printk
 .text          0x00000000c000654d     0x2113 build/fs.o
                0x00000000c0006c78                filesys_init
                0x00000000c0006ec5                path_depth_cnt
                0x00000000c00071ed                sys_open
                0x00000000c0007496                sys_close
                0x00000000c00074eb                sys_write
                0x00000000c00075d5                sys_read
                0x00000000c0007656                sys_lseek
                0x00000000c000773e                sys_unlink
                0x00000000c000795f                sys_mkdir
                0x00000000c0007d8c                sys_opendir
                0x00000000c0007ea4                sys_closedir
                0x00000000c0007ece                sys_readdir
                0x00000000c0007f0b                sys_rewinddir
                0x00000000c0007f1a                sys_rmdir
                0x00000000c00082c4                sys_getcwd
                0x00000000c00084ae                sys_chdir
                0x00000000c0008539                sys_stat
 .text          0x00000000c0008660      0x80f build/inode.o
                0x00000000c0008704                inode_sync
                0x00000000c0008875                inode_open
                0x00000000c00089ce                inode_close
                0x00000000c0008a3f                inode_init
                0x00000000c0008a8e                inode_delete
                0x00000000c0008bf0                inode_release
 .text          0x00000000c0008e6f     0x11ce build/file.o
                0x00000000c0008e6f                get_free_slot_in_global
                0x00000000c0008ebf                pcb_fd_install
                0x00000000c0008f22                inode_bitmap_alloc
                0x00000000c0008f70                block_bitmap_alloc
                0x00000000c0008fca                bitmap_sync
                0x00000000c0009055                file_create
                0x00000000c000931f                file_open
                0x00000000c000943e                file_close
                0x00000000c000947d                file_write
                0x00000000c0009c64                file_read
 .text          0x00000000c000a03d      0xf4c build/dir.o
                0x00000000c000a03d                open_root_dir
                0x00000000c000a06c                dir_open
                0x00000000c000a0a7                search_dir_entry
                0x00000000c000a277                dir_close
                0x00000000c000a2a3                create_dir_entry
                0x00000000c000a319                sync_dir_entry
                0x00000000c000a7c2                delete_dir_entry
                0x00000000c000ac89                dir_read
                0x00000000c000ae95                dir_is_empty
                0x00000000c000aec0                dir_remove
 *(.gnu.warning)

.fini
 *(SORT(.fini))
                [!provide]                        PROVIDE (__etext, .)
                [!provide]                        PROVIDE (_etext, .)
                [!provide]                        PROVIDE (etext, .)

.rodata         0x00000000c000af8c     0x2023
 *(.rodata .rodata.* .gnu.linkonce.r.*)
 .rodata        0x00000000c000af8c       0x14 build/main.o
 .rodata        0x00000000c000afa0        0xa build/init.o
 *fill*         0x00000000c000afaa        0x2 
 .rodata        0x00000000c000afac      0x2cd build/interrupt.o
 *fill*         0x00000000c000b279        0x3 
 .rodata        0x00000000c000b27c       0x87 build/timer.o
 .rodata        0x00000000c000b303       0x3f build/debug.o
 *fill*         0x00000000c000b342        0x2 
 .rodata        0x00000000c000b344      0x3b5 build/memory.o
 *fill*         0x00000000c000b6f9        0x3 
 .rodata        0x00000000c000b6fc       0x68 build/bitmap.o
 .rodata        0x00000000c000b764       0xb9 build/string.o
 *fill*         0x00000000c000b81d        0x3 
 .rodata        0x00000000c000b820      0x2d0 build/thread.o
 .rodata        0x00000000c000baf0      0x12f build/sync.o
 .rodata        0x00000000c000bc1f       0x36 build/keyboard.o
 *fill*         0x00000000c000bc55        0x3 
 .rodata        0x00000000c000bc58       0x9d build/ioqueue.o
 .rodata        0x00000000c000bcf5       0x27 build/tss.o
 .rodata        0x00000000c000bd1c       0xdd build/process.o
 .rodata        0x00000000c000bdf9       0x27 build/syscall-init.o
 .rodata        0x00000000c000be20      0x1ef build/ide.o
 *fill*         0x00000000c000c00f        0x1 
 .rodata        0x00000000c000c010      0x8ab build/fs.o
 *fill*         0x00000000c000c8bb        0x1 
 .rodata        0x00000000c000c8bc       0xbb build/inode.o
 *fill*         0x00000000c000c977        0x1 
 .rodata        0x00000000c000c978      0x434 build/file.o
 .rodata        0x00000000c000cdac      0x203 build/dir.o

.rodata1
 *(.rodata1)

.eh_frame_hdr
 *(.eh_frame_hdr)
 *(.eh_frame_entry .eh_frame_entry.*)

.eh_frame       0x00000000c000cfb0      0x814
 *(.eh_frame)
 .eh_frame      0x00000000c000cfb0       0x38 build/init.o
 .eh_frame      0x00000000c000cfe8      0x188 build/interrupt.o
                                        0x1a0 (size before relaxing)
 .eh_frame      0x00000000c000d170       0x1c build/debug.o
                                         0x34 (size before relaxing)
 .eh_frame      0x00000000c000d18c      0x2a0 build/memory.o
                                        0x2b8 (size before relaxing)
 .eh_frame      0x00000000c000d42c       0x8c build/bitmap.o
                                         0xa4 (size before relaxing)
 .eh_frame      0x00000000c000d4b8      0x140 build/string.o
                                        0x158 (size before relaxing)
 .eh_frame      0x00000000c000d5f8      0x140 build/list.o
                                        0x158 (size before relaxing)
 .eh_frame      0x00000000c000d738       0x8c build/syscall.o
                                         0xa4 (size before relaxing)
 *(.eh_frame.*)

.gcc_except_table
 *(.gcc_except_table .gcc_except_table.*)

.gnu_extab
 *(.gnu_extab*)

.exception_ranges
 *(.exception_ranges .exception_ranges*)
                0x00000000c000e000                . = DATA_SEGMENT_ALIGN (0x1000, 0x1000)

.eh_frame
 *(.eh_frame)
 *(.eh_frame.*)

.gnu_extab
 *(.gnu_extab)

.gcc_except_table
 *(.gcc_except_table .gcc_except_table.*)

.exception_ranges
 *(.exception_ranges .exception_ranges*)

.tdata
 *(.tdata .tdata.* .gnu.linkonce.td.*)

.tbss
 *(.tbss .tbss.* .gnu.linkonce.tb.*)
 *(.tcommon)

.preinit_array  0x00000000c000e000        0x0
                [!provide]                        PROVIDE (__preinit_array_start, .)
 *(.preinit_array)
                [!provide]                        PROVIDE (__preinit_array_end, .)

.init_array     0x00000000c000e000        0x0
                [!provide]                        PROVIDE (__init_array_start, .)
 *(SORT(.init_array.*) SORT(.ctors.*))
 *(.init_array EXCLUDE_FILE(*crtend?.o *crtend.o *crtbegin?.o *crtbegin.o) .ctors)
                [!provide]                        PROVIDE (__init_array_end, .)

.fini_array     0x00000000c000e000        0x0
                [!provide]                        PROVIDE (__fini_array_start, .)
 *(SORT(.fini_array.*) SORT(.dtors.*))
 *(.fini_array EXCLUDE_FILE(*crtend?.o *crtend.o *crtbegin?.o *crtbegin.o) .dtors)
                [!provide]                        PROVIDE (__fini_array_end, .)

.ctors
 *crtbegin.o(.ctors)
 *crtbegin?.o(.ctors)
 *(EXCLUDE_FILE(*crtend?.o *crtend.o) .ctors)
 *(SORT(.ctors.*))
 *(.ctors)

.dtors
 *crtbegin.o(.dtors)
 *crtbegin?.o(.dtors)
 *(EXCLUDE_FILE(*crtend?.o *crtend.o) .dtors)
 *(SORT(.dtors.*))
 *(.dtors)

.jcr
 *(.jcr)

.data.rel.ro
 *(.data.rel.ro.local* .gnu.linkonce.d.rel.ro.local.*)
 *(.data.rel.ro .data.rel.ro.* .gnu.linkonce.d.rel.ro.*)

.dynamic
 *(.dynamic)

.got
 *(.got)
 *(.igot)
                0x00000000c000e000                . = DATA_SEGMENT_RELRO_END (., (SIZEOF (.got.plt) >= 0xc)?0xc:0x0)

.got.plt        0x00000000c000e000        0x0
 *(.got.plt)
 *(.igot.plt)
 .igot.plt      0x00000000c000e000        0x0 build/main.o

.data           0x00000000c000e000      0x156
 *(.data .data.* .gnu.linkonce.d.*)
 .data          0x00000000c000e000        0x0 build/main.o
 .data          0x00000000c000e000        0x0 build/init.o
 .data          0x00000000c000e000        0x0 build/interrupt.o
 .data          0x00000000c000e000        0x0 build/timer.o
 .data          0x00000000c000e000       0xc0 build/kernel.o
                0x00000000c000e000                intr_entry_table
 .data          0x00000000c000e0c0        0x8 build/print.o
 .data          0x00000000c000e0c8        0x0 build/debug.o
 .data          0x00000000c000e0c8        0x0 build/memory.o
 .data          0x00000000c000e0c8        0x0 build/bitmap.o
 .data          0x00000000c000e0c8        0x0 build/string.o
 .data          0x00000000c000e0c8        0x0 build/thread.o
 .data          0x00000000c000e0c8        0x0 build/list.o
 .data          0x00000000c000e0c8        0x0 build/console.o
 .data          0x00000000c000e0c8        0x0 build/sync.o
 *fill*         0x00000000c000e0c8       0x18 
 .data          0x00000000c000e0e0       0x76 build/keyboard.o
 .data          0x00000000c000e156        0x0 build/ioqueue.o
 .data          0x00000000c000e156        0x0 build/tss.o
 .data          0x00000000c000e156        0x0 build/process.o
 .data          0x00000000c000e156        0x0 build/syscall.o
 .data          0x00000000c000e156        0x0 build/syscall-init.o
 .data          0x00000000c000e156        0x0 build/stdio.o
 .data          0x00000000c000e156        0x0 build/ide.o
 .data          0x00000000c000e156        0x0 build/stdio-kernel.o
 .data          0x00000000c000e156        0x0 build/fs.o
 .data          0x00000000c000e156        0x0 build/inode.o
 .data          0x00000000c000e156        0x0 build/file.o
 .data          0x00000000c000e156        0x0 build/dir.o

.data1
 *(.data1)
                0x00000000c000e156                _edata = .
                [!provide]                        PROVIDE (edata, .)
                0x00000000c000e156                . = .
                0x00000000c000e156                __bss_start = .

.bss            0x00000000c000e160     0x1c08
 *(.dynbss)
 *(.bss .bss.* .gnu.linkonce.b.*)
 .bss           0x00000000c000e160        0x0 build/main.o
 .bss           0x00000000c000e160        0x0 build/init.o
 .bss           0x00000000c000e160      0x408 build/interrupt.o
 .bss           0x00000000c000e568        0x0 build/timer.o
 .bss           0x00000000c000e568        0x0 build/debug.o
 .bss           0x00000000c000e568        0x0 build/memory.o
 .bss           0x00000000c000e568        0x0 build/bitmap.o
 .bss           0x00000000c000e568        0x0 build/string.o
 .bss           0x00000000c000e568        0x6 build/thread.o
 .bss           0x00000000c000e56e        0x0 build/list.o
 *fill*         0x00000000c000e56e        0x2 
 .bss           0x00000000c000e570       0x1c build/console.o
 .bss           0x00000000c000e58c        0x0 build/sync.o
 .bss           0x00000000c000e58c       0x14 build/keyboard.o
 .bss           0x00000000c000e5a0        0x0 build/ioqueue.o
 .bss           0x00000000c000e5a0       0x6c build/tss.o
 .bss           0x00000000c000e60c        0x0 build/process.o
 .bss           0x00000000c000e60c        0x0 build/syscall.o
 .bss           0x00000000c000e60c        0x0 build/syscall-init.o
 .bss           0x00000000c000e60c        0x0 build/stdio.o
 .bss           0x00000000c000e60c        0x6 build/ide.o
                0x00000000c000e60c                ext_lba_base
                0x00000000c000e610                p_no
                0x00000000c000e611                l_no
 .bss           0x00000000c000e612        0x0 build/stdio-kernel.o
 .bss           0x00000000c000e612        0x0 build/fs.o
 .bss           0x00000000c000e612        0x0 build/inode.o
 .bss           0x00000000c000e612        0x0 build/file.o
 .bss           0x00000000c000e612        0x0 build/dir.o
 *(COMMON)
 *fill*         0x00000000c000e612        0xe 
 COMMON         0x00000000c000e620      0x424 build/interrupt.o
                0x00000000c000e620                intr_name
                0x00000000c000e840                idt_table
 COMMON         0x00000000c000ea44        0x4 build/timer.o
                0x00000000c000ea44                ticks
 *fill*         0x00000000c000ea48       0x18 
 COMMON         0x00000000c000ea60      0x12c build/memory.o
                0x00000000c000ea60                user_pool
                0x00000000c000eaa0                k_block_descs
                0x00000000c000eb48                kernel_vaddr
                0x00000000c000eb60                kernel_pool
 COMMON         0x00000000c000eb8c       0x44 build/thread.o
                0x00000000c000eb8c                thread_ready_list
                0x00000000c000eb9c                thread_all_list
                0x00000000c000ebac                idle_thread
                0x00000000c000ebb0                main_thread
                0x00000000c000ebb4                pid_lock
 *fill*         0x00000000c000ebd0       0x10 
 COMMON         0x00000000c000ebe0       0x6c build/keyboard.o
                0x00000000c000ebe0                kbd_buf
 *fill*         0x00000000c000ec4c       0x14 
 COMMON         0x00000000c000ec60       0x80 build/syscall-init.o
                0x00000000c000ec60                syscall_table
 COMMON         0x00000000c000ece0      0xcf0 build/ide.o
                0x00000000c000ece0                channel_cnt
                0x00000000c000ed00                channels
                0x00000000c000f9c0                partition_list
 COMMON         0x00000000c000f9d0        0x4 build/fs.o
                0x00000000c000f9d0                cur_part
 *fill*         0x00000000c000f9d4        0xc 
 COMMON         0x00000000c000f9e0      0x180 build/file.o
                0x00000000c000f9e0                file_table
 COMMON         0x00000000c000fb60      0x208 build/dir.o
                0x00000000c000fb60                root_dir
                0x00000000c000fd68                . = ALIGN ((. != 0x0)?0x4:0x1)
                0x00000000c000fd68                . = ALIGN (0x4)
                0x00000000c000fd68                . = SEGMENT_START ("ldata-segment", .)
                0x00000000c000fd68                . = ALIGN (0x4)
                0x00000000c000fd68                _end = .
                [!provide]                        PROVIDE (end, .)
                0x00000000c000fd68                . = DATA_SEGMENT_END (.)

.stab
 *(.stab)

.stabstr
 *(.stabstr)

.stab.excl
 *(.stab.excl)

.stab.exclstr
 *(.stab.exclstr)

.stab.index
 *(.stab.index)

.stab.indexstr
 *(.stab.indexstr)

.comment        0x0000000000000000       0x55
 *(.comment)
 .comment       0x0000000000000000       0x2a build/main.o
                                         0x2b (size before relaxing)
 .comment       0x000000000000002a       0x2b build/init.o
                                         0x2c (size before relaxing)
 .comment       0x0000000000000055       0x2c build/interrupt.o
 .comment       0x0000000000000055       0x2b build/timer.o
 .comment       0x0000000000000055       0x2c build/debug.o
 .comment       0x0000000000000055       0x2c build/memory.o
 .comment       0x0000000000000055       0x2c build/bitmap.o
 .comment       0x0000000000000055       0x2c build/string.o
 .comment       0x0000000000000055       0x2b build/thread.o
 .comment       0x0000000000000055       0x2c build/list.o
 .comment       0x0000000000000055       0x2b build/console.o
 .comment       0x0000000000000055       0x2b build/sync.o
 .comment       0x0000000000000055       0x2b build/keyboard.o
 .comment       0x0000000000000055       0x2b build/ioqueue.o
 .comment       0x0000000000000055       0x2b build/tss.o
 .comment       0x0000000000000055       0x2b build/process.o
 .comment       0x0000000000000055       0x2c build/syscall.o
 .comment       0x0000000000000055       0x2b build/syscall-init.o
 .comment       0x0000000000000055       0x2b build/stdio.o
 .comment       0x0000000000000055       0x2b build/ide.o
 .comment       0x0000000000000055       0x2b build/stdio-kernel.o
 .comment       0x0000000000000055       0x2b build/fs.o
 .comment       0x0000000000000055       0x2b build/inode.o
 .comment       0x0000000000000055       0x2b build/file.o
 .comment       0x0000000000000055       0x2b build/dir.o

.debug
 *(.debug)

.line
 *(.line)

.debug_srcinfo
 *(.debug_srcinfo)

.debug_sfnames
 *(.debug_sfnames)

.debug_aranges
 *(.debug_aranges)

.debug_pubnames
 *(.debug_pubnames)

.debug_info
 *(.debug_info .gnu.linkonce.wi.*)

.debug_abbrev
 *(.debug_abbrev)

.debug_line
 *(.debug_line .debug_line.* .debug_line_end)

.debug_frame
 *(.debug_frame)

.debug_str
 *(.debug_str)

.debug_loc
 *(.debug_loc)

.debug_macinfo
 *(.debug_macinfo)

.debug_weaknames
 *(.debug_weaknames)

.debug_funcnames
 *(.debug_funcnames)

.debug_typenames
 *(.debug_typenames)

.debug_varnames
 *(.debug_varnames)

.debug_pubtypes
 *(.debug_pubtypes)

.debug_ranges
 *(.debug_ranges)

.debug_macro
 *(.debug_macro)

.gnu.attributes
 *(.gnu.attributes)

/DISCARD/
 *(.note.GNU-stack)
 *(.gnu_debuglink)
 *(.gnu.lto_*)
OUTPUT(build/kernel.bin elf32-i386)
