
Allocating common symbols
Common symbol       size              file

kbd_buf             0x6c              build/keyboard.o
root_dir            0x208             build/dir.o
thread_ready_list   0x10              build/thread.o
thread_all_list     0x10              build/thread.o
user_pool           0x2c              build/memory.o
channel_cnt         0x1               build/ide.o
cur_part            0x4               build/fs.o
k_block_descs       0xa8              build/memory.o
idle_thread         0x4               build/thread.o
intr_name           0x204             build/interrupt.o
main_thread         0x4               build/thread.o
channels            0xcc0             build/ide.o
ticks               0x4               build/timer.o
kernel_vaddr        0xc               build/memory.o
syscall_table       0x80              build/syscall-init.o
idt_table           0x204             build/interrupt.o
file_table          0x180             build/file.o
partition_list      0x10              build/ide.o
kernel_pool         0x2c              build/memory.o
pid_lock            0x1c              build/thread.o

Discarded input sections

 .note.GNU-stack
                0x0000000000000000        0x0 build/main.o
 .note.GNU-stack
                0x0000000000000000        0x0 build/init.o
 .note.GNU-stack
                0x0000000000000000        0x0 build/interrupt.o
 .note.GNU-stack
                0x0000000000000000        0x0 build/timer.o
 .note.GNU-stack
                0x0000000000000000        0x0 build/debug.o
 .note.GNU-stack
                0x0000000000000000        0x0 build/memory.o
 .note.GNU-stack
                0x0000000000000000        0x0 build/bitmap.o
 .note.GNU-stack
                0x0000000000000000        0x0 build/string.o
 .note.GNU-stack
                0x0000000000000000        0x0 build/thread.o
 .note.GNU-stack
                0x0000000000000000        0x0 build/list.o
 .note.GNU-stack
                0x0000000000000000        0x0 build/console.o
 .note.GNU-stack
                0x0000000000000000        0x0 build/sync.o
 .note.GNU-stack
                0x0000000000000000        0x0 build/keyboard.o
 .note.GNU-stack
                0x0000000000000000        0x0 build/ioqueue.o
 .note.GNU-stack
                0x0000000000000000        0x0 build/tss.o
 .note.GNU-stack
                0x0000000000000000        0x0 build/process.o
 .note.GNU-stack
                0x0000000000000000        0x0 build/syscall.o
 .note.GNU-stack
                0x0000000000000000        0x0 build/syscall-init.o
 .note.GNU-stack
                0x0000000000000000        0x0 build/stdio.o
 .note.GNU-stack
                0x0000000000000000        0x0 build/ide.o
 .note.GNU-stack
                0x0000000000000000        0x0 build/stdio-kernel.o
 .note.GNU-stack
                0x0000000000000000        0x0 build/fs.o
 .note.GNU-stack
                0x0000000000000000        0x0 build/inode.o
 .note.GNU-stack
                0x0000000000000000        0x0 build/file.o
 .note.GNU-stack
                0x0000000000000000        0x0 build/dir.o

Memory Configuration

Name             Origin             Length             Attributes
*default*        0x0000000000000000 0xffffffffffffffff

Linker script and memory map

Address of section .text set to 0xc0001500
LOAD build/main.o
LOAD build/init.o
LOAD build/interrupt.o
LOAD build/timer.o
LOAD build/kernel.o
LOAD build/print.o
LOAD build/debug.o
LOAD build/memory.o
LOAD build/bitmap.o
LOAD build/string.o
LOAD build/thread.o
LOAD build/list.o
LOAD build/switch.o
LOAD build/console.o
LOAD build/sync.o
LOAD build/keyboard.o
LOAD build/ioqueue.o
LOAD build/tss.o
LOAD build/process.o
LOAD build/syscall.o
LOAD build/syscall-init.o
LOAD build/stdio.o
LOAD build/ide.o
LOAD build/stdio-kernel.o
LOAD build/fs.o
LOAD build/inode.o
LOAD build/file.o
LOAD build/dir.o
                [!provide]                        PROVIDE (__executable_start, 0x8048000)
                0x0000000008048094                . = (0x8048000 + SIZEOF_HEADERS)

.interp
 *(.interp)

.note.gnu.build-id
 *(.note.gnu.build-id)

.hash
 *(.hash)

.gnu.hash
 *(.gnu.hash)

.dynsym
 *(.dynsym)

.dynstr
 *(.dynstr)

.gnu.version
 *(.gnu.version)

.gnu.version_d
 *(.gnu.version_d)

.gnu.version_r
 *(.gnu.version_r)

.rel.dyn        0x0000000008048094        0x0
 *(.rel.init)
 *(.rel.text .rel.text.* .rel.gnu.linkonce.t.*)
 .rel.text      0x0000000008048094        0x0 build/main.o
 *(.rel.fini)
 *(.rel.rodata .rel.rodata.* .rel.gnu.linkonce.r.*)
 *(.rel.data.rel.ro .rel.data.rel.ro.* .rel.gnu.linkonce.d.rel.ro.*)
 *(.rel.data .rel.data.* .rel.gnu.linkonce.d.*)
 *(.rel.tdata .rel.tdata.* .rel.gnu.linkonce.td.*)
 *(.rel.tbss .rel.tbss.* .rel.gnu.linkonce.tb.*)
 *(.rel.ctors)
 *(.rel.dtors)
 *(.rel.got)
 *(.rel.bss .rel.bss.* .rel.gnu.linkonce.b.*)
 *(.rel.ifunc)

.rel.plt        0x0000000008048094        0x0
 *(.rel.plt)
                [!provide]                        PROVIDE (__rel_iplt_start, .)
 *(.rel.iplt)
 .rel.iplt      0x0000000008048094        0x0 build/main.o
                [!provide]                        PROVIDE (__rel_iplt_end, .)

.init
 *(SORT(.init))

.plt            0x00000000080480a0        0x0
 *(.plt)
 *(.iplt)
 .iplt          0x00000000080480a0        0x0 build/main.o

.plt.got
 *(.plt.got)

.text           0x00000000c0001500     0x9ac9
 *(.text.unlikely .text.*_unlikely .text.unlikely.*)
 *(.text.exit .text.exit.*)
 *(.text.startup .text.startup.*)
 *(.text.hot .text.hot.*)
 *(.text .stub .text.* .gnu.linkonce.t.*)
 .text          0x00000000c0001500       0x68 build/main.o
                0x00000000c0001500                main
 .text          0x00000000c0001568       0x4b build/init.o
                0x00000000c0001568                init_all
 .text          0x00000000c00015b3      0x480 build/interrupt.o
                0x00000000c0001921                intr_enable
                0x00000000c000194a                intr_disable
                0x00000000c0001973                intr_set_status
                0x00000000c0001991                intr_get_status
                0x00000000c00019b5                register_handler
                0x00000000c00019d1                idt_init
 .text          0x00000000c0001a33      0x212 build/timer.o
                0x00000000c0001b69                timer_init
                0x00000000c0001bed                mtime_sleep
 *fill*         0x00000000c0001c45        0xb 
 .text          0x00000000c0001c50      0x55b build/kernel.o
                0x00000000c0001c50                intr_exit
                0x00000000c0002187                syscall_handler
 *fill*         0x00000000c00021ab        0x5 
 .text          0x00000000c00021b0      0x172 build/print.o
                0x00000000c00021b0                put_str
                0x00000000c00021ce                put_char
                0x00000000c000229b                put_int
                0x00000000c00022fe                set_cursor
 .text          0x00000000c0002322       0xa5 build/debug.o
                0x00000000c0002322                panic_spin
 .text          0x00000000c00023c7     0x113c build/memory.o
                0x00000000c00024f7                pte_ptr
                0x00000000c0002527                pde_ptr
                0x00000000c00026c7                malloc_page
                0x00000000c0002791                get_kernel_pages
                0x00000000c00027ed                get_user_pages
                0x00000000c0002849                get_a_page
                0x00000000c00029cf                addr_v2p
                0x00000000c0002a22                sys_malloc
                0x00000000c0002d51                pfree
                0x00000000c0002e94                mfree_page
                0x00000000c0003071                sys_free
                0x00000000c0003434                block_desc_init
                0x00000000c00034c2                mem_init
 .text          0x00000000c0003503      0x266 build/bitmap.o
                0x00000000c0003503                bitmap_init
                0x00000000c000352a                bitmap_scan_test
                0x00000000c000356a                bitmap_scan
                0x00000000c00036ae                bitmap_set
 .text          0x00000000c0003769      0x449 build/string.o
                0x00000000c0003769                memset
                0x00000000c00037c5                memcpy
                0x00000000c0003831                memcmp
                0x00000000c00038c1                strcpy
                0x00000000c0003923                strlen
                0x00000000c0003979                strcmp
                0x00000000c0003a00                strchr
                0x00000000c0003a65                strrchr
                0x00000000c0003ace                strcat
                0x00000000c0003b45                strchrs
 .text          0x00000000c0003bb2      0x720 build/thread.o
                0x00000000c0003bc8                running_thread
                0x00000000c0003c2a                thread_create
                0x00000000c0003ca0                init_thread
                0x00000000c0003d9d                thread_start
                0x00000000c0003f18                schedule
                0x00000000c0004068                thread_block
                0x00000000c00040cf                thread_unblock
                0x00000000c00041da                thread_yield
                0x00000000c0004260                thread_init
 .text          0x00000000c00042d2      0x1e3 build/list.o
                0x00000000c00042d2                list_init
                0x00000000c00042ff                list_insert_before
                0x00000000c0004340                list_push
                0x00000000c000435d                list_append
                0x00000000c000437a                list_remove
                0x00000000c00043b0                list_pop
                0x00000000c00043cf                elem_find
                0x00000000c000440a                list_traversal
                0x00000000c0004467                list_len
                0x00000000c000449c                list_empty
 *fill*         0x00000000c00044b5        0xb 
 .text          0x00000000c00044c0       0x15 build/switch.o
                0x00000000c00044c0                switch_to
 .text          0x00000000c00044d5       0x9a build/console.o
                0x00000000c00044d5                console_init
                0x00000000c00044e9                console_acquire
                0x00000000c00044fd                console_release
                0x00000000c0004511                console_put_str
                0x00000000c000452e                console_put_char
                0x00000000c0004552                console_put_int
 .text          0x00000000c000456f      0x347 build/sync.o
                0x00000000c000456f                sema_init
                0x00000000c0004594                lock_init
                0x00000000c00045c5                sema_down
                0x00000000c00046d9                sema_up
                0x00000000c000478f                lock_acquire
                0x00000000c000480b                lock_release
 .text          0x00000000c00048b6      0x2ec build/keyboard.o
                0x00000000c0004b62                keyboard_init
 .text          0x00000000c0004ba2      0x2f1 build/ioqueue.o
                0x00000000c0004ba2                ioqueue_init
                0x00000000c0004bff                ioq_full
                0x00000000c0004d35                ioq_getchar
                0x00000000c0004de3                ioq_putchar
 .text          0x00000000c0004e93      0x1a9 build/tss.o
                0x00000000c0004e93                update_tss_esp
                0x00000000c0004f0e                tss_init
 .text          0x00000000c000503c      0x367 build/process.o
                0x00000000c000503c                start_process
                0x00000000c0005142                page_dir_activate
                0x00000000c0005172                process_activate
                0x00000000c00051c4                create_page_dir
                0x00000000c0005235                create_user_vaddr_bitmap
                0x00000000c0005279                process_execute
 .text          0x00000000c00053a3       0x73 build/syscall.o
                0x00000000c00053a3                getpid
                0x00000000c00053b8                write
                0x00000000c00053db                malloc
                0x00000000c00053fa                free
 .text          0x00000000c0005416       0x5a build/syscall-init.o
                0x00000000c0005416                sys_getpid
                0x00000000c0005428                syscall_init
 .text          0x00000000c0005470      0x2ba build/stdio.o
                0x00000000c00054f6                vsprintf
                0x00000000c000567a                sprintf
                0x00000000c00056ae                printf
 .text          0x00000000c000572a      0xe01 build/ide.o
                0x00000000c0005a44                ide_read
                0x00000000c0005bd6                ide_write
                0x00000000c000626c                intr_hd_handler
                0x00000000c000632d                ide_init
 .text          0x00000000c000652b       0x62 build/stdio-kernel.o
                0x00000000c000652b                printk
 .text          0x00000000c000658d     0x2113 build/fs.o
                0x00000000c0006cb8                filesys_init
                0x00000000c0006f05                path_depth_cnt
                0x00000000c000722d                sys_open
                0x00000000c00074d6                sys_close
                0x00000000c000752b                sys_write
                0x00000000c0007615                sys_read
                0x00000000c0007696                sys_lseek
                0x00000000c000777e                sys_unlink
                0x00000000c000799f                sys_mkdir
                0x00000000c0007dcc                sys_opendir
                0x00000000c0007ee4                sys_closedir
                0x00000000c0007f0e                sys_readdir
                0x00000000c0007f4b                sys_rewinddir
                0x00000000c0007f5a                sys_rmdir
                0x00000000c0008304                sys_getcwd
                0x00000000c00084ee                sys_chdir
                0x00000000c0008579                sys_stat
 .text          0x00000000c00086a0      0x80f build/inode.o
                0x00000000c0008744                inode_sync
                0x00000000c00088b5                inode_open
                0x00000000c0008a0e                inode_close
                0x00000000c0008a7f                inode_init
                0x00000000c0008ace                inode_delete
                0x00000000c0008c30                inode_release
 .text          0x00000000c0008eaf     0x11ce build/file.o
                0x00000000c0008eaf                get_free_slot_in_global
                0x00000000c0008eff                pcb_fd_install
                0x00000000c0008f62                inode_bitmap_alloc
                0x00000000c0008fb0                block_bitmap_alloc
                0x00000000c000900a                bitmap_sync
                0x00000000c0009095                file_create
                0x00000000c000935f                file_open
                0x00000000c000947e                file_close
                0x00000000c00094bd                file_write
                0x00000000c0009ca4                file_read
 .text          0x00000000c000a07d      0xf4c build/dir.o
                0x00000000c000a07d                open_root_dir
                0x00000000c000a0ac                dir_open
                0x00000000c000a0e7                search_dir_entry
                0x00000000c000a2b7                dir_close
                0x00000000c000a2e3                create_dir_entry
                0x00000000c000a359                sync_dir_entry
                0x00000000c000a802                delete_dir_entry
                0x00000000c000acc9                dir_read
                0x00000000c000aed5                dir_is_empty
                0x00000000c000af00                dir_remove
 *(.gnu.warning)

.fini
 *(SORT(.fini))
                [!provide]                        PROVIDE (__etext, .)
                [!provide]                        PROVIDE (_etext, .)
                [!provide]                        PROVIDE (etext, .)

.rodata         0x00000000c000afcc     0x2037
 *(.rodata .rodata.* .gnu.linkonce.r.*)
 .rodata        0x00000000c000afcc       0x2a build/main.o
 .rodata        0x00000000c000aff6        0xa build/init.o
 .rodata        0x00000000c000b000      0x2cd build/interrupt.o
 *fill*         0x00000000c000b2cd        0x3 
 .rodata        0x00000000c000b2d0       0x87 build/timer.o
 .rodata        0x00000000c000b357       0x3f build/debug.o
 *fill*         0x00000000c000b396        0x2 
 .rodata        0x00000000c000b398      0x3b5 build/memory.o
 *fill*         0x00000000c000b74d        0x3 
 .rodata        0x00000000c000b750       0x68 build/bitmap.o
 .rodata        0x00000000c000b7b8       0xb9 build/string.o
 *fill*         0x00000000c000b871        0x3 
 .rodata        0x00000000c000b874      0x2d0 build/thread.o
 .rodata        0x00000000c000bb44      0x12f build/sync.o
 .rodata        0x00000000c000bc73       0x36 build/keyboard.o
 *fill*         0x00000000c000bca9        0x3 
 .rodata        0x00000000c000bcac       0x9d build/ioqueue.o
 .rodata        0x00000000c000bd49       0x27 build/tss.o
 .rodata        0x00000000c000bd70       0xdd build/process.o
 .rodata        0x00000000c000be4d       0x27 build/syscall-init.o
 .rodata        0x00000000c000be74      0x1ef build/ide.o
 *fill*         0x00000000c000c063        0x1 
 .rodata        0x00000000c000c064      0x8ab build/fs.o
 *fill*         0x00000000c000c90f        0x1 
 .rodata        0x00000000c000c910       0xbb build/inode.o
 *fill*         0x00000000c000c9cb        0x1 
 .rodata        0x00000000c000c9cc      0x434 build/file.o
 .rodata        0x00000000c000ce00      0x203 build/dir.o

.rodata1
 *(.rodata1)

.eh_frame_hdr
 *(.eh_frame_hdr)
 *(.eh_frame_entry .eh_frame_entry.*)

.eh_frame       0x00000000c000d004      0x814
 *(.eh_frame)
 .eh_frame      0x00000000c000d004       0x38 build/init.o
 .eh_frame      0x00000000c000d03c      0x188 build/interrupt.o
                                        0x1a0 (size before relaxing)
 .eh_frame      0x00000000c000d1c4       0x1c build/debug.o
                                         0x34 (size before relaxing)
 .eh_frame      0x00000000c000d1e0      0x2a0 build/memory.o
                                        0x2b8 (size before relaxing)
 .eh_frame      0x00000000c000d480       0x8c build/bitmap.o
                                         0xa4 (size before relaxing)
 .eh_frame      0x00000000c000d50c      0x140 build/string.o
                                        0x158 (size before relaxing)
 .eh_frame      0x00000000c000d64c      0x140 build/list.o
                                        0x158 (size before relaxing)
 .eh_frame      0x00000000c000d78c       0x8c build/syscall.o
                                         0xa4 (size before relaxing)
 *(.eh_frame.*)

.gcc_except_table
 *(.gcc_except_table .gcc_except_table.*)

.gnu_extab
 *(.gnu_extab*)

.exception_ranges
 *(.exception_ranges .exception_ranges*)
                0x00000000c000e000                . = DATA_SEGMENT_ALIGN (0x1000, 0x1000)

.eh_frame
 *(.eh_frame)
 *(.eh_frame.*)

.gnu_extab
 *(.gnu_extab)

.gcc_except_table
 *(.gcc_except_table .gcc_except_table.*)

.exception_ranges
 *(.exception_ranges .exception_ranges*)

.tdata
 *(.tdata .tdata.* .gnu.linkonce.td.*)

.tbss
 *(.tbss .tbss.* .gnu.linkonce.tb.*)
 *(.tcommon)

.preinit_array  0x00000000c000e000        0x0
                [!provide]                        PROVIDE (__preinit_array_start, .)
 *(.preinit_array)
                [!provide]                        PROVIDE (__preinit_array_end, .)

.init_array     0x00000000c000e000        0x0
                [!provide]                        PROVIDE (__init_array_start, .)
 *(SORT(.init_array.*) SORT(.ctors.*))
 *(.init_array EXCLUDE_FILE(*crtend?.o *crtend.o *crtbegin?.o *crtbegin.o) .ctors)
                [!provide]                        PROVIDE (__init_array_end, .)

.fini_array     0x00000000c000e000        0x0
                [!provide]                        PROVIDE (__fini_array_start, .)
 *(SORT(.fini_array.*) SORT(.dtors.*))
 *(.fini_array EXCLUDE_FILE(*crtend?.o *crtend.o *crtbegin?.o *crtbegin.o) .dtors)
                [!provide]                        PROVIDE (__fini_array_end, .)

.ctors
 *crtbegin.o(.ctors)
 *crtbegin?.o(.ctors)
 *(EXCLUDE_FILE(*crtend?.o *crtend.o) .ctors)
 *(SORT(.ctors.*))
 *(.ctors)

.dtors
 *crtbegin.o(.dtors)
 *crtbegin?.o(.dtors)
 *(EXCLUDE_FILE(*crtend?.o *crtend.o) .dtors)
 *(SORT(.dtors.*))
 *(.dtors)

.jcr
 *(.jcr)

.data.rel.ro
 *(.data.rel.ro.local* .gnu.linkonce.d.rel.ro.local.*)
 *(.data.rel.ro .data.rel.ro.* .gnu.linkonce.d.rel.ro.*)

.dynamic
 *(.dynamic)

.got
 *(.got)
 *(.igot)
                0x00000000c000e000                . = DATA_SEGMENT_RELRO_END (., (SIZEOF (.got.plt) >= 0xc)?0xc:0x0)

.got.plt        0x00000000c000e000        0x0
 *(.got.plt)
 *(.igot.plt)
 .igot.plt      0x00000000c000e000        0x0 build/main.o

.data           0x00000000c000e000      0x156
 *(.data .data.* .gnu.linkonce.d.*)
 .data          0x00000000c000e000        0x0 build/main.o
 .data          0x00000000c000e000        0x0 build/init.o
 .data          0x00000000c000e000        0x0 build/interrupt.o
 .data          0x00000000c000e000        0x0 build/timer.o
 .data          0x00000000c000e000       0xc0 build/kernel.o
                0x00000000c000e000                intr_entry_table
 .data          0x00000000c000e0c0        0x8 build/print.o
 .data          0x00000000c000e0c8        0x0 build/debug.o
 .data          0x00000000c000e0c8        0x0 build/memory.o
 .data          0x00000000c000e0c8        0x0 build/bitmap.o
 .data          0x00000000c000e0c8        0x0 build/string.o
 .data          0x00000000c000e0c8        0x0 build/thread.o
 .data          0x00000000c000e0c8        0x0 build/list.o
 .data          0x00000000c000e0c8        0x0 build/console.o
 .data          0x00000000c000e0c8        0x0 build/sync.o
 *fill*         0x00000000c000e0c8       0x18 
 .data          0x00000000c000e0e0       0x76 build/keyboard.o
 .data          0x00000000c000e156        0x0 build/ioqueue.o
 .data          0x00000000c000e156        0x0 build/tss.o
 .data          0x00000000c000e156        0x0 build/process.o
 .data          0x00000000c000e156        0x0 build/syscall.o
 .data          0x00000000c000e156        0x0 build/syscall-init.o
 .data          0x00000000c000e156        0x0 build/stdio.o
 .data          0x00000000c000e156        0x0 build/ide.o
 .data          0x00000000c000e156        0x0 build/stdio-kernel.o
 .data          0x00000000c000e156        0x0 build/fs.o
 .data          0x00000000c000e156        0x0 build/inode.o
 .data          0x00000000c000e156        0x0 build/file.o
 .data          0x00000000c000e156        0x0 build/dir.o

.data1
 *(.data1)
                0x00000000c000e156                _edata = .
                [!provide]                        PROVIDE (edata, .)
                0x00000000c000e156                . = .
                0x00000000c000e156                __bss_start = .

.bss            0x00000000c000e160     0x1c08
 *(.dynbss)
 *(.bss .bss.* .gnu.linkonce.b.*)
 .bss           0x00000000c000e160        0x0 build/main.o
 .bss           0x00000000c000e160        0x0 build/init.o
 .bss           0x00000000c000e160      0x408 build/interrupt.o
 .bss           0x00000000c000e568        0x0 build/timer.o
 .bss           0x00000000c000e568        0x0 build/debug.o
 .bss           0x00000000c000e568        0x0 build/memory.o
 .bss           0x00000000c000e568        0x0 build/bitmap.o
 .bss           0x00000000c000e568        0x0 build/string.o
 .bss           0x00000000c000e568        0x6 build/thread.o
 .bss           0x00000000c000e56e        0x0 build/list.o
 *fill*         0x00000000c000e56e        0x2 
 .bss           0x00000000c000e570       0x1c build/console.o
 .bss           0x00000000c000e58c        0x0 build/sync.o
 .bss           0x00000000c000e58c       0x14 build/keyboard.o
 .bss           0x00000000c000e5a0        0x0 build/ioqueue.o
 .bss           0x00000000c000e5a0       0x6c build/tss.o
 .bss           0x00000000c000e60c        0x0 build/process.o
 .bss           0x00000000c000e60c        0x0 build/syscall.o
 .bss           0x00000000c000e60c        0x0 build/syscall-init.o
 .bss           0x00000000c000e60c        0x0 build/stdio.o
 .bss           0x00000000c000e60c        0x6 build/ide.o
                0x00000000c000e60c                ext_lba_base
                0x00000000c000e610                p_no
                0x00000000c000e611                l_no
 .bss           0x00000000c000e612        0x0 build/stdio-kernel.o
 .bss           0x00000000c000e612        0x0 build/fs.o
 .bss           0x00000000c000e612        0x0 build/inode.o
 .bss           0x00000000c000e612        0x0 build/file.o
 .bss           0x00000000c000e612        0x0 build/dir.o
 *(COMMON)
 *fill*         0x00000000c000e612        0xe 
 COMMON         0x00000000c000e620      0x424 build/interrupt.o
                0x00000000c000e620                intr_name
                0x00000000c000e840                idt_table
 COMMON         0x00000000c000ea44        0x4 build/timer.o
                0x00000000c000ea44                ticks
 *fill*         0x00000000c000ea48       0x18 
 COMMON         0x00000000c000ea60      0x12c build/memory.o
                0x00000000c000ea60                user_pool
                0x00000000c000eaa0                k_block_descs
                0x00000000c000eb48                kernel_vaddr
                0x00000000c000eb60                kernel_pool
 COMMON         0x00000000c000eb8c       0x44 build/thread.o
                0x00000000c000eb8c                thread_ready_list
                0x00000000c000eb9c                thread_all_list
                0x00000000c000ebac                idle_thread
                0x00000000c000ebb0                main_thread
                0x00000000c000ebb4                pid_lock
 *fill*         0x00000000c000ebd0       0x10 
 COMMON         0x00000000c000ebe0       0x6c build/keyboard.o
                0x00000000c000ebe0                kbd_buf
 *fill*         0x00000000c000ec4c       0x14 
 COMMON         0x00000000c000ec60       0x80 build/syscall-init.o
                0x00000000c000ec60                syscall_table
 COMMON         0x00000000c000ece0      0xcf0 build/ide.o
                0x00000000c000ece0                channel_cnt
                0x00000000c000ed00                channels
                0x00000000c000f9c0                partition_list
 COMMON         0x00000000c000f9d0        0x4 build/fs.o
                0x00000000c000f9d0                cur_part
 *fill*         0x00000000c000f9d4        0xc 
 COMMON         0x00000000c000f9e0      0x180 build/file.o
                0x00000000c000f9e0                file_table
 COMMON         0x00000000c000fb60      0x208 build/dir.o
                0x00000000c000fb60                root_dir
                0x00000000c000fd68                . = ALIGN ((. != 0x0)?0x4:0x1)
                0x00000000c000fd68                . = ALIGN (0x4)
                0x00000000c000fd68                . = SEGMENT_START ("ldata-segment", .)
                0x00000000c000fd68                . = ALIGN (0x4)
                0x00000000c000fd68                _end = .
                [!provide]                        PROVIDE (end, .)
                0x00000000c000fd68                . = DATA_SEGMENT_END (.)

.stab
 *(.stab)

.stabstr
 *(.stabstr)

.stab.excl
 *(.stab.excl)

.stab.exclstr
 *(.stab.exclstr)

.stab.index
 *(.stab.index)

.stab.indexstr
 *(.stab.indexstr)

.comment        0x0000000000000000       0x55
 *(.comment)
 .comment       0x0000000000000000       0x2a build/main.o
                                         0x2b (size before relaxing)
 .comment       0x000000000000002a       0x2b build/init.o
                                         0x2c (size before relaxing)
 .comment       0x0000000000000055       0x2c build/interrupt.o
 .comment       0x0000000000000055       0x2b build/timer.o
 .comment       0x0000000000000055       0x2c build/debug.o
 .comment       0x0000000000000055       0x2c build/memory.o
 .comment       0x0000000000000055       0x2c build/bitmap.o
 .comment       0x0000000000000055       0x2c build/string.o
 .comment       0x0000000000000055       0x2b build/thread.o
 .comment       0x0000000000000055       0x2c build/list.o
 .comment       0x0000000000000055       0x2b build/console.o
 .comment       0x0000000000000055       0x2b build/sync.o
 .comment       0x0000000000000055       0x2b build/keyboard.o
 .comment       0x0000000000000055       0x2b build/ioqueue.o
 .comment       0x0000000000000055       0x2b build/tss.o
 .comment       0x0000000000000055       0x2b build/process.o
 .comment       0x0000000000000055       0x2c build/syscall.o
 .comment       0x0000000000000055       0x2b build/syscall-init.o
 .comment       0x0000000000000055       0x2b build/stdio.o
 .comment       0x0000000000000055       0x2b build/ide.o
 .comment       0x0000000000000055       0x2b build/stdio-kernel.o
 .comment       0x0000000000000055       0x2b build/fs.o
 .comment       0x0000000000000055       0x2b build/inode.o
 .comment       0x0000000000000055       0x2b build/file.o
 .comment       0x0000000000000055       0x2b build/dir.o

.debug
 *(.debug)

.line
 *(.line)

.debug_srcinfo
 *(.debug_srcinfo)

.debug_sfnames
 *(.debug_sfnames)

.debug_aranges
 *(.debug_aranges)

.debug_pubnames
 *(.debug_pubnames)

.debug_info
 *(.debug_info .gnu.linkonce.wi.*)

.debug_abbrev
 *(.debug_abbrev)

.debug_line
 *(.debug_line .debug_line.* .debug_line_end)

.debug_frame
 *(.debug_frame)

.debug_str
 *(.debug_str)

.debug_loc
 *(.debug_loc)

.debug_macinfo
 *(.debug_macinfo)

.debug_weaknames
 *(.debug_weaknames)

.debug_funcnames
 *(.debug_funcnames)

.debug_typenames
 *(.debug_typenames)

.debug_varnames
 *(.debug_varnames)

.debug_pubtypes
 *(.debug_pubtypes)

.debug_ranges
 *(.debug_ranges)

.debug_macro
 *(.debug_macro)

.gnu.attributes
 *(.gnu.attributes)

/DISCARD/
 *(.note.GNU-stack)
 *(.gnu_debuglink)
 *(.gnu.lto_*)
OUTPUT(build/kernel.bin elf32-i386)
